// Jest Snapshot v1, https://goo.gl/fbAQLP

exports[`Cart checkout() should return an object with the total price and a list of items when summary is called 1`] = `
Object {
  "formatted": "R$1,963.92",
  "items": Array [
    Object {
      "product": Object {
        "price": 35388,
        "title": "Adidas running shoes - Men",
      },
      "quantity": 2,
    },
    Object {
      "product": Object {
        "price": 41872,
        "title": "Adidas running shoes - Woman",
      },
      "quantity": 3,
    },
  ],
  "total": Object {
    "amount": 196392,
    "currency": "BRL",
    "precision": 2,
  },
}
`;
